---
source: raffia/tests/ast.rs
---
Stylesheet(
  type: "Stylesheet",
  statements: [
    QualifiedRule(
      type: "QualifiedRule",
      selector: SelectorList(
        type: "SelectorList",
        selectors: [
          ComplexSelector(
            type: "ComplexSelector",
            children: [
              CompoundSelector(
                type: "CompoundSelector",
                children: [
                  TagNameSelector(
                    type: "TagNameSelector",
                    name: WqName(
                      type: "WqName",
                      name: Ident(
                        type: "Ident",
                        name: "div",
                        raw: "div",
                        span: Span(
                          start: 0,
                          end: 3,
                        ),
                      ),
                      prefix: None,
                      span: Span(
                        start: 0,
                        end: 3,
                      ),
                    ),
                    span: Span(
                      start: 0,
                      end: 3,
                    ),
                  ),
                ],
                span: Span(
                  start: 0,
                  end: 3,
                ),
              ),
            ],
            span: Span(
              start: 0,
              end: 3,
            ),
          ),
        ],
        span: Span(
          start: 0,
          end: 3,
        ),
      ),
      block: SimpleBlock(
        type: "SimpleBlock",
        statements: [
          Declaration(
            type: "Declaration",
            name: Ident(
              type: "Ident",
              name: "a",
              raw: "a",
              span: Span(
                start: 8,
                end: 9,
              ),
            ),
            value: [
              SassNestingDeclaration(
                type: "SassNestingDeclaration",
                block: SimpleBlock(
                  type: "SimpleBlock",
                  statements: [
                    Declaration(
                      type: "Declaration",
                      name: Ident(
                        type: "Ident",
                        name: "p1",
                        raw: "p1",
                        span: Span(
                          start: 17,
                          end: 19,
                        ),
                      ),
                      value: [
                        Ident(
                          type: "Ident",
                          name: "q",
                          raw: "q",
                          span: Span(
                            start: 21,
                            end: 22,
                          ),
                        ),
                      ],
                      important: None,
                      lessPropertyMerge: None,
                      span: Span(
                        start: 17,
                        end: 22,
                      ),
                    ),
                    Declaration(
                      type: "Declaration",
                      name: Ident(
                        type: "Ident",
                        name: "b",
                        raw: "b",
                        span: Span(
                          start: 28,
                          end: 29,
                        ),
                      ),
                      value: [
                        SassNestingDeclaration(
                          type: "SassNestingDeclaration",
                          block: SimpleBlock(
                            type: "SimpleBlock",
                            statements: [
                              Declaration(
                                type: "Declaration",
                                name: Ident(
                                  type: "Ident",
                                  name: "p2",
                                  raw: "p2",
                                  span: Span(
                                    start: 39,
                                    end: 41,
                                  ),
                                ),
                                value: [
                                  Ident(
                                    type: "Ident",
                                    name: "q",
                                    raw: "q",
                                    span: Span(
                                      start: 43,
                                      end: 44,
                                    ),
                                  ),
                                ],
                                important: None,
                                lessPropertyMerge: None,
                                span: Span(
                                  start: 39,
                                  end: 44,
                                ),
                              ),
                            ],
                            span: Span(
                              start: 31,
                              end: 51,
                            ),
                          ),
                          span: Span(
                            start: 31,
                            end: 51,
                          ),
                        ),
                      ],
                      important: None,
                      lessPropertyMerge: None,
                      span: Span(
                        start: 28,
                        end: 51,
                      ),
                    ),
                    Declaration(
                      type: "Declaration",
                      name: Ident(
                        type: "Ident",
                        name: "p3",
                        raw: "p3",
                        span: Span(
                          start: 56,
                          end: 58,
                        ),
                      ),
                      value: [
                        Ident(
                          type: "Ident",
                          name: "q",
                          raw: "q",
                          span: Span(
                            start: 60,
                            end: 61,
                          ),
                        ),
                      ],
                      important: None,
                      lessPropertyMerge: None,
                      span: Span(
                        start: 56,
                        end: 61,
                      ),
                    ),
                  ],
                  span: Span(
                    start: 11,
                    end: 66,
                  ),
                ),
                span: Span(
                  start: 11,
                  end: 66,
                ),
              ),
            ],
            important: None,
            lessPropertyMerge: None,
            span: Span(
              start: 8,
              end: 66,
            ),
          ),
        ],
        span: Span(
          start: 4,
          end: 68,
        ),
      ),
      span: Span(
        start: 0,
        end: 68,
      ),
    ),
    QualifiedRule(
      type: "QualifiedRule",
      selector: SelectorList(
        type: "SelectorList",
        selectors: [
          ComplexSelector(
            type: "ComplexSelector",
            children: [
              CompoundSelector(
                type: "CompoundSelector",
                children: [
                  TagNameSelector(
                    type: "TagNameSelector",
                    name: WqName(
                      type: "WqName",
                      name: Ident(
                        type: "Ident",
                        name: "foo",
                        raw: "foo",
                        span: Span(
                          start: 70,
                          end: 73,
                        ),
                      ),
                      prefix: None,
                      span: Span(
                        start: 70,
                        end: 73,
                      ),
                    ),
                    span: Span(
                      start: 70,
                      end: 73,
                    ),
                  ),
                ],
                span: Span(
                  start: 70,
                  end: 73,
                ),
              ),
            ],
            span: Span(
              start: 70,
              end: 73,
            ),
          ),
        ],
        span: Span(
          start: 70,
          end: 73,
        ),
      ),
      block: SimpleBlock(
        type: "SimpleBlock",
        statements: [
          Declaration(
            type: "Declaration",
            name: Ident(
              type: "Ident",
              name: "bar",
              raw: "bar",
              span: Span(
                start: 78,
                end: 81,
              ),
            ),
            value: [
              SassBinaryExpression(
                type: "SassBinaryExpression",
                left: Ident(
                  type: "Ident",
                  name: "baz",
                  raw: "baz",
                  span: Span(
                    start: 83,
                    end: 86,
                  ),
                ),
                op: SassBinaryOperator(
                  type: "SassBinaryOperator",
                  kind: Plus,
                  span: Span(
                    start: 87,
                    end: 88,
                  ),
                ),
                right: Ident(
                  type: "Ident",
                  name: "bang",
                  raw: "bang",
                  span: Span(
                    start: 89,
                    end: 93,
                  ),
                ),
                span: Span(
                  start: 83,
                  end: 93,
                ),
              ),
              SassNestingDeclaration(
                type: "SassNestingDeclaration",
                block: SimpleBlock(
                  type: "SimpleBlock",
                  statements: [
                    Declaration(
                      type: "Declaration",
                      name: Ident(
                        type: "Ident",
                        name: "bip",
                        raw: "bip",
                        span: Span(
                          start: 100,
                          end: 103,
                        ),
                      ),
                      value: [
                        Ident(
                          type: "Ident",
                          name: "bop",
                          raw: "bop",
                          span: Span(
                            start: 105,
                            end: 108,
                          ),
                        ),
                      ],
                      important: None,
                      lessPropertyMerge: None,
                      span: Span(
                        start: 100,
                        end: 108,
                      ),
                    ),
                    Declaration(
                      type: "Declaration",
                      name: Ident(
                        type: "Ident",
                        name: "bing",
                        raw: "bing",
                        span: Span(
                          start: 114,
                          end: 118,
                        ),
                      ),
                      value: [
                        Ident(
                          type: "Ident",
                          name: "bop",
                          raw: "bop",
                          span: Span(
                            start: 120,
                            end: 123,
                          ),
                        ),
                      ],
                      important: None,
                      lessPropertyMerge: None,
                      span: Span(
                        start: 114,
                        end: 123,
                      ),
                    ),
                  ],
                  span: Span(
                    start: 94,
                    end: 126,
                  ),
                ),
                span: Span(
                  start: 94,
                  end: 126,
                ),
              ),
            ],
            important: None,
            lessPropertyMerge: None,
            span: Span(
              start: 78,
              end: 126,
            ),
          ),
        ],
        span: Span(
          start: 74,
          end: 127,
        ),
      ),
      span: Span(
        start: 70,
        end: 127,
      ),
    ),
    QualifiedRule(
      type: "QualifiedRule",
      selector: SelectorList(
        type: "SelectorList",
        selectors: [
          ComplexSelector(
            type: "ComplexSelector",
            children: [
              CompoundSelector(
                type: "CompoundSelector",
                children: [
                  TagNameSelector(
                    type: "TagNameSelector",
                    name: WqName(
                      type: "WqName",
                      name: Ident(
                        type: "Ident",
                        name: "foo",
                        raw: "foo",
                        span: Span(
                          start: 129,
                          end: 132,
                        ),
                      ),
                      prefix: None,
                      span: Span(
                        start: 129,
                        end: 132,
                      ),
                    ),
                    span: Span(
                      start: 129,
                      end: 132,
                    ),
                  ),
                ],
                span: Span(
                  start: 129,
                  end: 132,
                ),
              ),
            ],
            span: Span(
              start: 129,
              end: 132,
            ),
          ),
        ],
        span: Span(
          start: 129,
          end: 132,
        ),
      ),
      block: SimpleBlock(
        type: "SimpleBlock",
        statements: [
          Declaration(
            type: "Declaration",
            name: Ident(
              type: "Ident",
              name: "bar",
              raw: "bar",
              span: Span(
                start: 137,
                end: 140,
              ),
            ),
            value: [
              Ident(
                type: "Ident",
                name: "baz",
                raw: "baz",
                span: Span(
                  start: 142,
                  end: 145,
                ),
              ),
            ],
            important: None,
            lessPropertyMerge: None,
            span: Span(
              start: 137,
              end: 145,
            ),
          ),
          Declaration(
            type: "Declaration",
            name: Ident(
              type: "Ident",
              name: "bang",
              raw: "bang",
              span: Span(
                start: 149,
                end: 153,
              ),
            ),
            value: [
              SassNestingDeclaration(
                type: "SassNestingDeclaration",
                block: SimpleBlock(
                  type: "SimpleBlock",
                  statements: [
                    Declaration(
                      type: "Declaration",
                      name: Ident(
                        type: "Ident",
                        name: "bip",
                        raw: "bip",
                        span: Span(
                          start: 161,
                          end: 164,
                        ),
                      ),
                      value: [
                        Dimension(
                          type: "Dimension",
                          value: Number(
                            type: "Number",
                            value: 1.0,
                            raw: "1",
                            span: Span(
                              start: 166,
                              end: 167,
                            ),
                          ),
                          unit: Ident(
                            type: "Ident",
                            name: "px",
                            raw: "px",
                            span: Span(
                              start: 167,
                              end: 169,
                            ),
                          ),
                          kind: Length,
                          span: Span(
                            start: 166,
                            end: 169,
                          ),
                        ),
                      ],
                      important: None,
                      lessPropertyMerge: None,
                      span: Span(
                        start: 161,
                        end: 169,
                      ),
                    ),
                    Declaration(
                      type: "Declaration",
                      name: Ident(
                        type: "Ident",
                        name: "bop",
                        raw: "bop",
                        span: Span(
                          start: 175,
                          end: 178,
                        ),
                      ),
                      value: [
                        Ident(
                          type: "Ident",
                          name: "bar",
                          raw: "bar",
                          span: Span(
                            start: 180,
                            end: 183,
                          ),
                        ),
                      ],
                      important: None,
                      lessPropertyMerge: None,
                      span: Span(
                        start: 175,
                        end: 183,
                      ),
                    ),
                    Declaration(
                      type: "Declaration",
                      name: Ident(
                        type: "Ident",
                        name: "blat",
                        raw: "blat",
                        span: Span(
                          start: 189,
                          end: 193,
                        ),
                      ),
                      value: [
                        SassNestingDeclaration(
                          type: "SassNestingDeclaration",
                          block: SimpleBlock(
                            type: "SimpleBlock",
                            statements: [
                              Declaration(
                                type: "Declaration",
                                name: Ident(
                                  type: "Ident",
                                  name: "baf",
                                  raw: "baf",
                                  span: Span(
                                    start: 195,
                                    end: 198,
                                  ),
                                ),
                                value: [
                                  Ident(
                                    type: "Ident",
                                    name: "bort",
                                    raw: "bort",
                                    span: Span(
                                      start: 199,
                                      end: 203,
                                    ),
                                  ),
                                ],
                                important: None,
                                lessPropertyMerge: None,
                                span: Span(
                                  start: 195,
                                  end: 203,
                                ),
                              ),
                            ],
                            span: Span(
                              start: 194,
                              end: 204,
                            ),
                          ),
                          span: Span(
                            start: 194,
                            end: 204,
                          ),
                        ),
                      ],
                      important: None,
                      lessPropertyMerge: None,
                      span: Span(
                        start: 189,
                        end: 204,
                      ),
                    ),
                  ],
                  span: Span(
                    start: 155,
                    end: 205,
                  ),
                ),
                span: Span(
                  start: 155,
                  end: 205,
                ),
              ),
            ],
            important: None,
            lessPropertyMerge: None,
            span: Span(
              start: 149,
              end: 205,
            ),
          ),
        ],
        span: Span(
          start: 133,
          end: 206,
        ),
      ),
      span: Span(
        start: 129,
        end: 206,
      ),
    ),
  ],
  span: Span(
    start: 0,
    end: 207,
  ),
)
