---
source: raffia/tests/ast.rs
---
Stylesheet(
  type: "Stylesheet",
  statements: [
    QualifiedRule(
      type: "QualifiedRule",
      selector: SelectorList(
        type: "SelectorList",
        selectors: [
          ComplexSelector(
            type: "ComplexSelector",
            children: [
              CompoundSelector(
                type: "CompoundSelector",
                children: [
                  ClassSelector(
                    type: "ClassSelector",
                    name: Ident(
                      type: "Ident",
                      name: "js",
                      raw: "js",
                      span: Span(
                        start: 1,
                        end: 3,
                      ),
                    ),
                    span: Span(
                      start: 0,
                      end: 3,
                    ),
                  ),
                ],
                span: Span(
                  start: 0,
                  end: 3,
                ),
              ),
            ],
            span: Span(
              start: 0,
              end: 3,
            ),
          ),
        ],
        span: Span(
          start: 0,
          end: 3,
        ),
      ),
      block: SimpleBlock(
        type: "SimpleBlock",
        statements: [
          Declaration(
            type: "Declaration",
            name: Ident(
              type: "Ident",
              name: "js",
              raw: "js",
              span: Span(
                start: 8,
                end: 10,
              ),
            ),
            value: [
              LessJavaScriptSnippet(
                type: "LessJavaScriptSnippet",
                code: "42",
                raw: "`42`",
                escaped: false,
                span: Span(
                  start: 12,
                  end: 16,
                ),
              ),
            ],
            important: None,
            lessPropertyMerge: None,
            span: Span(
              start: 8,
              end: 16,
            ),
          ),
          Declaration(
            type: "Declaration",
            name: Ident(
              type: "Ident",
              name: "width",
              raw: "width",
              span: Span(
                start: 20,
                end: 25,
              ),
            ),
            value: [
              LessJavaScriptSnippet(
                type: "LessJavaScriptSnippet",
                code: "\"hello\" + \" \" + @{world}",
                raw: "`\"hello\" + \" \" + @{world}`",
                escaped: true,
                span: Span(
                  start: 27,
                  end: 54,
                ),
              ),
            ],
            important: None,
            lessPropertyMerge: None,
            span: Span(
              start: 20,
              end: 54,
            ),
          ),
        ],
        span: Span(
          start: 4,
          end: 57,
        ),
      ),
      span: Span(
        start: 0,
        end: 57,
      ),
    ),
  ],
  span: Span(
    start: 0,
    end: 58,
  ),
)
