---
source: raffia/tests/ast.rs
---
Stylesheet(
  type: "Stylesheet",
  statements: [
    SassMixinAtRule(
      type: "SassMixinAtRule",
      name: Ident(
        type: "Ident",
        name: "my-keyframes",
        raw: "my-keyframes",
        span: Span(
          start: 7,
          end: 19,
        ),
      ),
      parameters: Some([]),
      arbitraryParameter: None,
      body: SimpleBlock(
        type: "SimpleBlock",
        statements: [
          AtRule(
            type: "AtRule",
            name: Ident(
              type: "Ident",
              name: "-webkit-keyframes",
              raw: "-webkit-keyframes",
              span: Span(
                start: 27,
                end: 44,
              ),
            ),
            prelude: Some(Ident(
              type: "Ident",
              name: "kf",
              raw: "kf",
              span: Span(
                start: 45,
                end: 47,
              ),
            )),
            block: Some(SimpleBlock(
              type: "SimpleBlock",
              statements: [
                SassContentAtRule(
                  type: "SassContentAtRule",
                  arguments: None,
                  span: Span(
                    start: 54,
                    end: 62,
                  ),
                ),
              ],
              span: Span(
                start: 48,
                end: 67,
              ),
            )),
            span: Span(
              start: 26,
              end: 67,
            ),
          ),
          AtRule(
            type: "AtRule",
            name: Ident(
              type: "Ident",
              name: "-ms-keyframes",
              raw: "-ms-keyframes",
              span: Span(
                start: 71,
                end: 84,
              ),
            ),
            prelude: Some(Ident(
              type: "Ident",
              name: "kf",
              raw: "kf",
              span: Span(
                start: 85,
                end: 87,
              ),
            )),
            block: Some(SimpleBlock(
              type: "SimpleBlock",
              statements: [
                SassContentAtRule(
                  type: "SassContentAtRule",
                  arguments: None,
                  span: Span(
                    start: 94,
                    end: 102,
                  ),
                ),
              ],
              span: Span(
                start: 88,
                end: 106,
              ),
            )),
            span: Span(
              start: 70,
              end: 106,
            ),
          ),
          AtRule(
            type: "AtRule",
            name: Ident(
              type: "Ident",
              name: "-moz-keyframes",
              raw: "-moz-keyframes",
              span: Span(
                start: 110,
                end: 124,
              ),
            ),
            prelude: Some(Ident(
              type: "Ident",
              name: "kf",
              raw: "kf",
              span: Span(
                start: 125,
                end: 127,
              ),
            )),
            block: Some(SimpleBlock(
              type: "SimpleBlock",
              statements: [
                SassContentAtRule(
                  type: "SassContentAtRule",
                  arguments: None,
                  span: Span(
                    start: 134,
                    end: 142,
                  ),
                ),
              ],
              span: Span(
                start: 128,
                end: 147,
              ),
            )),
            span: Span(
              start: 109,
              end: 147,
            ),
          ),
          AtRule(
            type: "AtRule",
            name: Ident(
              type: "Ident",
              name: "-o-keyframes",
              raw: "-o-keyframes",
              span: Span(
                start: 151,
                end: 163,
              ),
            ),
            prelude: Some(Ident(
              type: "Ident",
              name: "kf",
              raw: "kf",
              span: Span(
                start: 164,
                end: 166,
              ),
            )),
            block: Some(SimpleBlock(
              type: "SimpleBlock",
              statements: [
                SassContentAtRule(
                  type: "SassContentAtRule",
                  arguments: None,
                  span: Span(
                    start: 173,
                    end: 181,
                  ),
                ),
              ],
              span: Span(
                start: 167,
                end: 185,
              ),
            )),
            span: Span(
              start: 150,
              end: 185,
            ),
          ),
          AtRule(
            type: "AtRule",
            name: Ident(
              type: "Ident",
              name: "keyframes",
              raw: "keyframes",
              span: Span(
                start: 189,
                end: 198,
              ),
            ),
            prelude: Some(Ident(
              type: "Ident",
              name: "kf",
              raw: "kf",
              span: Span(
                start: 199,
                end: 201,
              ),
            )),
            block: Some(SimpleBlock(
              type: "SimpleBlock",
              statements: [
                SassContentAtRule(
                  type: "SassContentAtRule",
                  arguments: None,
                  span: Span(
                    start: 208,
                    end: 216,
                  ),
                ),
              ],
              span: Span(
                start: 202,
                end: 221,
              ),
            )),
            span: Span(
              start: 188,
              end: 221,
            ),
          ),
          AtRule(
            type: "AtRule",
            name: Ident(
              type: "Ident",
              name: "keyframes",
              raw: "keyframes",
              span: Span(
                start: 225,
                end: 234,
              ),
            ),
            prelude: Some(Ident(
              type: "Ident",
              name: "kf",
              raw: "kf",
              span: Span(
                start: 235,
                end: 237,
              ),
            )),
            block: Some(SimpleBlock(
              type: "SimpleBlock",
              statements: [
                SassVariableDeclaration(
                  type: "SassVariableDeclaration",
                  namespace: None,
                  name: SassVariable(
                    type: "SassVariable",
                    name: Ident(
                      type: "Ident",
                      name: "var",
                      raw: "var",
                      span: Span(
                        start: 245,
                        end: 248,
                      ),
                    ),
                    span: Span(
                      start: 244,
                      end: 248,
                    ),
                  ),
                  value: Ident(
                    type: "Ident",
                    name: "true",
                    raw: "true",
                    span: Span(
                      start: 250,
                      end: 254,
                    ),
                  ),
                  overridable: false,
                  forceGlobal: false,
                  span: Span(
                    start: 244,
                    end: 255,
                  ),
                ),
                SassIfAtRule(
                  type: "SassIfAtRule",
                  ifClause: SassConditionalClause(
                    type: "SassConditionalClause",
                    condition: SassVariable(
                      type: "SassVariable",
                      name: Ident(
                        type: "Ident",
                        name: "var",
                        raw: "var",
                        span: Span(
                          start: 265,
                          end: 268,
                        ),
                      ),
                      span: Span(
                        start: 264,
                        end: 268,
                      ),
                    ),
                    block: SimpleBlock(
                      type: "SimpleBlock",
                      statements: [
                        KeyframeBlock(
                          type: "KeyframeBlock",
                          selectors: [
                            Percentage(
                              type: "Percentage",
                              value: Number(
                                type: "Number",
                                value: 0.0,
                                raw: "0",
                                span: Span(
                                  start: 277,
                                  end: 278,
                                ),
                              ),
                              span: Span(
                                start: 277,
                                end: 279,
                              ),
                            ),
                          ],
                          block: SimpleBlock(
                            type: "SimpleBlock",
                            statements: [
                              Declaration(
                                type: "Declaration",
                                name: Ident(
                                  type: "Ident",
                                  name: "color",
                                  raw: "color",
                                  span: Span(
                                    start: 290,
                                    end: 295,
                                  ),
                                ),
                                value: [
                                  Ident(
                                    type: "Ident",
                                    name: "red",
                                    raw: "red",
                                    span: Span(
                                      start: 297,
                                      end: 300,
                                    ),
                                  ),
                                ],
                                important: None,
                                lessPropertyMerge: None,
                                span: Span(
                                  start: 290,
                                  end: 300,
                                ),
                              ),
                            ],
                            span: Span(
                              start: 280,
                              end: 309,
                            ),
                          ),
                          span: Span(
                            start: 277,
                            end: 309,
                          ),
                        ),
                        KeyframeBlock(
                          type: "KeyframeBlock",
                          selectors: [
                            Percentage(
                              type: "Percentage",
                              value: Number(
                                type: "Number",
                                value: 100.0,
                                raw: "100",
                                span: Span(
                                  start: 316,
                                  end: 319,
                                ),
                              ),
                              span: Span(
                                start: 316,
                                end: 320,
                              ),
                            ),
                          ],
                          block: SimpleBlock(
                            type: "SimpleBlock",
                            statements: [
                              Declaration(
                                type: "Declaration",
                                name: Ident(
                                  type: "Ident",
                                  name: "color",
                                  raw: "color",
                                  span: Span(
                                    start: 331,
                                    end: 336,
                                  ),
                                ),
                                value: [
                                  Ident(
                                    type: "Ident",
                                    name: "blue",
                                    raw: "blue",
                                    span: Span(
                                      start: 338,
                                      end: 342,
                                    ),
                                  ),
                                ],
                                important: None,
                                lessPropertyMerge: None,
                                span: Span(
                                  start: 331,
                                  end: 342,
                                ),
                              ),
                            ],
                            span: Span(
                              start: 321,
                              end: 351,
                            ),
                          ),
                          span: Span(
                            start: 316,
                            end: 351,
                          ),
                        ),
                      ],
                      span: Span(
                        start: 269,
                        end: 357,
                      ),
                    ),
                    span: Span(
                      start: 264,
                      end: 357,
                    ),
                  ),
                  elseIfClauses: [],
                  elseClause: Some(SimpleBlock(
                    type: "SimpleBlock",
                    statements: [
                      KeyframeBlock(
                        type: "KeyframeBlock",
                        selectors: [
                          Ident(
                            type: "Ident",
                            name: "from",
                            raw: "from",
                            span: Span(
                              start: 372,
                              end: 376,
                            ),
                          ),
                        ],
                        block: SimpleBlock(
                          type: "SimpleBlock",
                          statements: [
                            Declaration(
                              type: "Declaration",
                              name: Ident(
                                type: "Ident",
                                name: "color",
                                raw: "color",
                                span: Span(
                                  start: 387,
                                  end: 392,
                                ),
                              ),
                              value: [
                                Ident(
                                  type: "Ident",
                                  name: "blue",
                                  raw: "blue",
                                  span: Span(
                                    start: 394,
                                    end: 398,
                                  ),
                                ),
                              ],
                              important: None,
                              lessPropertyMerge: None,
                              span: Span(
                                start: 387,
                                end: 398,
                              ),
                            ),
                          ],
                          span: Span(
                            start: 377,
                            end: 407,
                          ),
                        ),
                        span: Span(
                          start: 372,
                          end: 407,
                        ),
                      ),
                      KeyframeBlock(
                        type: "KeyframeBlock",
                        selectors: [
                          Ident(
                            type: "Ident",
                            name: "to",
                            raw: "to",
                            span: Span(
                              start: 414,
                              end: 416,
                            ),
                          ),
                        ],
                        block: SimpleBlock(
                          type: "SimpleBlock",
                          statements: [
                            Declaration(
                              type: "Declaration",
                              name: Ident(
                                type: "Ident",
                                name: "color",
                                raw: "color",
                                span: Span(
                                  start: 427,
                                  end: 432,
                                ),
                              ),
                              value: [
                                Ident(
                                  type: "Ident",
                                  name: "red",
                                  raw: "red",
                                  span: Span(
                                    start: 434,
                                    end: 437,
                                  ),
                                ),
                              ],
                              important: None,
                              lessPropertyMerge: None,
                              span: Span(
                                start: 427,
                                end: 437,
                              ),
                            ),
                          ],
                          span: Span(
                            start: 417,
                            end: 446,
                          ),
                        ),
                        span: Span(
                          start: 414,
                          end: 446,
                        ),
                      ),
                    ],
                    span: Span(
                      start: 364,
                      end: 452,
                    ),
                  )),
                  span: Span(
                    start: 260,
                    end: 452,
                  ),
                ),
              ],
              span: Span(
                start: 238,
                end: 456,
              ),
            )),
            span: Span(
              start: 224,
              end: 456,
            ),
          ),
        ],
        span: Span(
          start: 22,
          end: 458,
        ),
      ),
      span: Span(
        start: 0,
        end: 458,
      ),
    ),
  ],
  span: Span(
    start: 0,
    end: 459,
  ),
)
