---
source: raffia/tests/error.rs
---
error: expect token `;`, but `<ident>` received
  ┌─ hide-and-show.scss:1:21
  │
1 │ @forward "a" hide b show c;
  │                     ^^^^


