---
source: raffia/tests/error.rs
---
error: expect token `$var`, but `;` received
  ┌─ hide-nothing.scss:1:18
  │
1 │ @forward "a" hide;
  │                  ^


