---
source: raffia/tests/ast.rs
assertion_line: 54
---
Stylesheet(
  type: "Stylesheet",
  statements: [
    QualifiedRule(
      type: "QualifiedRule",
      selector: SelectorList(
        type: "SelectorList",
        selectors: [
          ComplexSelector(
            type: "ComplexSelector",
            children: [
              CompoundSelector(
                type: "CompoundSelector",
                children: [
                  ClassSelector(
                    type: "ClassSelector",
                    name: Ident(
                      type: "Ident",
                      name: "merge",
                      raw: "merge",
                      span: Span(
                        start: 1,
                        end: 6,
                      ),
                    ),
                    span: Span(
                      start: 0,
                      end: 6,
                    ),
                  ),
                ],
                span: Span(
                  start: 0,
                  end: 6,
                ),
              ),
            ],
            span: Span(
              start: 0,
              end: 6,
            ),
          ),
        ],
        commaSpans: [],
        span: Span(
          start: 0,
          end: 6,
        ),
      ),
      block: SimpleBlock(
        type: "SimpleBlock",
        statements: [
          Declaration(
            type: "Declaration",
            name: Ident(
              type: "Ident",
              name: "transform",
              raw: "transform",
              span: Span(
                start: 11,
                end: 20,
              ),
            ),
            colonSpan: Span(
              start: 22,
              end: 23,
            ),
            value: [
              Ident(
                type: "Ident",
                name: "t1s",
                raw: "t1s",
                span: Span(
                  start: 24,
                  end: 27,
                ),
              ),
            ],
            important: None,
            lessPropertyMerge: Some(LessPropertyMerge(
              type: "LessPropertyMerge",
              kind: Space,
              span: Span(
                start: 20,
                end: 22,
              ),
            )),
            span: Span(
              start: 11,
              end: 27,
            ),
          ),
          Declaration(
            type: "Declaration",
            name: Ident(
              type: "Ident",
              name: "transform",
              raw: "transform",
              span: Span(
                start: 31,
                end: 40,
              ),
            ),
            colonSpan: Span(
              start: 41,
              end: 42,
            ),
            value: [
              Ident(
                type: "Ident",
                name: "t2",
                raw: "t2",
                span: Span(
                  start: 43,
                  end: 45,
                ),
              ),
            ],
            important: None,
            lessPropertyMerge: Some(LessPropertyMerge(
              type: "LessPropertyMerge",
              kind: Comma,
              span: Span(
                start: 40,
                end: 41,
              ),
            )),
            span: Span(
              start: 31,
              end: 45,
            ),
          ),
        ],
        span: Span(
          start: 7,
          end: 48,
        ),
      ),
      span: Span(
        start: 0,
        end: 48,
      ),
    ),
  ],
  span: Span(
    start: 0,
    end: 49,
  ),
)
