---
source: raffia/tests/ast.rs
assertion_line: 54
snapshot_kind: text
---
Stylesheet(
  type: "Stylesheet",
  statements: [
    QualifiedRule(
      type: "QualifiedRule",
      selector: SelectorList(
        type: "SelectorList",
        selectors: [
          ComplexSelector(
            type: "ComplexSelector",
            children: [
              CompoundSelector(
                type: "CompoundSelector",
                children: [
                  TagNameSelector(
                    type: "TagNameSelector",
                    name: WqName(
                      type: "WqName",
                      name: Ident(
                        type: "Ident",
                        name: "a",
                        raw: "a",
                        span: Span(
                          start: 0,
                          end: 1,
                        ),
                      ),
                      prefix: None,
                      span: Span(
                        start: 0,
                        end: 1,
                      ),
                    ),
                    span: Span(
                      start: 0,
                      end: 1,
                    ),
                  ),
                ],
                span: Span(
                  start: 0,
                  end: 1,
                ),
              ),
            ],
            span: Span(
              start: 0,
              end: 1,
            ),
          ),
        ],
        commaSpans: [],
        span: Span(
          start: 0,
          end: 1,
        ),
      ),
      block: SimpleBlock(
        type: "SimpleBlock",
        statements: [
          Declaration(
            type: "Declaration",
            name: Ident(
              type: "Ident",
              name: "color",
              raw: "color",
              span: Span(
                start: 8,
                end: 13,
              ),
            ),
            colonSpan: Span(
              start: 13,
              end: 14,
            ),
            value: [
              Ident(
                type: "Ident",
                name: "red",
                raw: "red",
                span: Span(
                  start: 15,
                  end: 18,
                ),
              ),
            ],
            important: None,
            lessPropertyMerge: None,
            span: Span(
              start: 8,
              end: 18,
            ),
          ),
          QualifiedRule(
            type: "QualifiedRule",
            selector: SelectorList(
              type: "SelectorList",
              selectors: [
                ComplexSelector(
                  type: "ComplexSelector",
                  children: [
                    CompoundSelector(
                      type: "CompoundSelector",
                      children: [
                        TagNameSelector(
                          type: "TagNameSelector",
                          name: WqName(
                            type: "WqName",
                            name: Ident(
                              type: "Ident",
                              name: "b",
                              raw: "b",
                              span: Span(
                                start: 24,
                                end: 25,
                              ),
                            ),
                            prefix: None,
                            span: Span(
                              start: 24,
                              end: 25,
                            ),
                          ),
                          span: Span(
                            start: 24,
                            end: 25,
                          ),
                        ),
                      ],
                      span: Span(
                        start: 24,
                        end: 25,
                      ),
                    ),
                  ],
                  span: Span(
                    start: 24,
                    end: 25,
                  ),
                ),
              ],
              commaSpans: [],
              span: Span(
                start: 24,
                end: 25,
              ),
            ),
            block: SimpleBlock(
              type: "SimpleBlock",
              statements: [
                QualifiedRule(
                  type: "QualifiedRule",
                  selector: SelectorList(
                    type: "SelectorList",
                    selectors: [
                      ComplexSelector(
                        type: "ComplexSelector",
                        children: [
                          CompoundSelector(
                            type: "CompoundSelector",
                            children: [
                              TagNameSelector(
                                type: "TagNameSelector",
                                name: WqName(
                                  type: "WqName",
                                  name: Ident(
                                    type: "Ident",
                                    name: "c",
                                    raw: "c",
                                    span: Span(
                                      start: 36,
                                      end: 37,
                                    ),
                                  ),
                                  prefix: None,
                                  span: Span(
                                    start: 36,
                                    end: 37,
                                  ),
                                ),
                                span: Span(
                                  start: 36,
                                  end: 37,
                                ),
                              ),
                            ],
                            span: Span(
                              start: 36,
                              end: 37,
                            ),
                          ),
                        ],
                        span: Span(
                          start: 36,
                          end: 37,
                        ),
                      ),
                    ],
                    commaSpans: [],
                    span: Span(
                      start: 36,
                      end: 37,
                    ),
                  ),
                  block: SimpleBlock(
                    type: "SimpleBlock",
                    statements: [
                      QualifiedRule(
                        type: "QualifiedRule",
                        selector: SelectorList(
                          type: "SelectorList",
                          selectors: [
                            ComplexSelector(
                              type: "ComplexSelector",
                              children: [
                                CompoundSelector(
                                  type: "CompoundSelector",
                                  children: [
                                    TagNameSelector(
                                      type: "TagNameSelector",
                                      name: WqName(
                                        type: "WqName",
                                        name: Ident(
                                          type: "Ident",
                                          name: "d",
                                          raw: "d",
                                          span: Span(
                                            start: 52,
                                            end: 53,
                                          ),
                                        ),
                                        prefix: None,
                                        span: Span(
                                          start: 52,
                                          end: 53,
                                        ),
                                      ),
                                      span: Span(
                                        start: 52,
                                        end: 53,
                                      ),
                                    ),
                                  ],
                                  span: Span(
                                    start: 52,
                                    end: 53,
                                  ),
                                ),
                              ],
                              span: Span(
                                start: 52,
                                end: 53,
                              ),
                            ),
                          ],
                          commaSpans: [],
                          span: Span(
                            start: 52,
                            end: 53,
                          ),
                        ),
                        block: SimpleBlock(
                          type: "SimpleBlock",
                          statements: [
                            Declaration(
                              type: "Declaration",
                              name: Ident(
                                type: "Ident",
                                name: "color",
                                raw: "color",
                                span: Span(
                                  start: 72,
                                  end: 77,
                                ),
                              ),
                              colonSpan: Span(
                                start: 77,
                                end: 78,
                              ),
                              value: [
                                Ident(
                                  type: "Ident",
                                  name: "red",
                                  raw: "red",
                                  span: Span(
                                    start: 79,
                                    end: 82,
                                  ),
                                ),
                              ],
                              important: None,
                              lessPropertyMerge: None,
                              span: Span(
                                start: 72,
                                end: 82,
                              ),
                            ),
                          ],
                          span: Span(
                            start: 54,
                            end: 97,
                          ),
                        ),
                        span: Span(
                          start: 52,
                          end: 97,
                        ),
                      ),
                    ],
                    span: Span(
                      start: 38,
                      end: 107,
                    ),
                  ),
                  span: Span(
                    start: 36,
                    end: 107,
                  ),
                ),
                Declaration(
                  type: "Declaration",
                  name: Ident(
                    type: "Ident",
                    name: "color",
                    raw: "color",
                    span: Span(
                      start: 116,
                      end: 121,
                    ),
                  ),
                  colonSpan: Span(
                    start: 121,
                    end: 122,
                  ),
                  value: [
                    Ident(
                      type: "Ident",
                      name: "red",
                      raw: "red",
                      span: Span(
                        start: 123,
                        end: 126,
                      ),
                    ),
                  ],
                  important: None,
                  lessPropertyMerge: None,
                  span: Span(
                    start: 116,
                    end: 126,
                  ),
                ),
              ],
              span: Span(
                start: 26,
                end: 133,
              ),
            ),
            span: Span(
              start: 24,
              end: 133,
            ),
          ),
          QualifiedRule(
            type: "QualifiedRule",
            selector: SelectorList(
              type: "SelectorList",
              selectors: [
                ComplexSelector(
                  type: "ComplexSelector",
                  children: [
                    CompoundSelector(
                      type: "CompoundSelector",
                      children: [
                        TagNameSelector(
                          type: "TagNameSelector",
                          name: WqName(
                            type: "WqName",
                            name: Ident(
                              type: "Ident",
                              name: "e",
                              raw: "e",
                              span: Span(
                                start: 138,
                                end: 139,
                              ),
                            ),
                            prefix: None,
                            span: Span(
                              start: 138,
                              end: 139,
                            ),
                          ),
                          span: Span(
                            start: 138,
                            end: 139,
                          ),
                        ),
                      ],
                      span: Span(
                        start: 138,
                        end: 139,
                      ),
                    ),
                  ],
                  span: Span(
                    start: 138,
                    end: 139,
                  ),
                ),
              ],
              commaSpans: [],
              span: Span(
                start: 138,
                end: 139,
              ),
            ),
            block: SimpleBlock(
              type: "SimpleBlock",
              statements: [
                Declaration(
                  type: "Declaration",
                  name: Ident(
                    type: "Ident",
                    name: "color",
                    raw: "color",
                    span: Span(
                      start: 150,
                      end: 155,
                    ),
                  ),
                  colonSpan: Span(
                    start: 155,
                    end: 156,
                  ),
                  value: [
                    Ident(
                      type: "Ident",
                      name: "red",
                      raw: "red",
                      span: Span(
                        start: 157,
                        end: 160,
                      ),
                    ),
                  ],
                  important: None,
                  lessPropertyMerge: None,
                  span: Span(
                    start: 150,
                    end: 160,
                  ),
                ),
              ],
              span: Span(
                start: 140,
                end: 167,
              ),
            ),
            span: Span(
              start: 138,
              end: 167,
            ),
          ),
          QualifiedRule(
            type: "QualifiedRule",
            selector: SelectorList(
              type: "SelectorList",
              selectors: [
                ComplexSelector(
                  type: "ComplexSelector",
                  children: [
                    CompoundSelector(
                      type: "CompoundSelector",
                      children: [
                        TagNameSelector(
                          type: "TagNameSelector",
                          name: WqName(
                            type: "WqName",
                            name: Ident(
                              type: "Ident",
                              name: "foo",
                              raw: "foo",
                              span: Span(
                                start: 172,
                                end: 175,
                              ),
                            ),
                            prefix: None,
                            span: Span(
                              start: 172,
                              end: 175,
                            ),
                          ),
                          span: Span(
                            start: 172,
                            end: 175,
                          ),
                        ),
                      ],
                      span: Span(
                        start: 172,
                        end: 175,
                      ),
                    ),
                  ],
                  span: Span(
                    start: 172,
                    end: 175,
                  ),
                ),
              ],
              commaSpans: [],
              span: Span(
                start: 172,
                end: 175,
              ),
            ),
            block: SimpleBlock(
              type: "SimpleBlock",
              statements: [],
              span: Span(
                start: 176,
                end: 178,
              ),
            ),
            span: Span(
              start: 172,
              end: 178,
            ),
          ),
        ],
        span: Span(
          start: 2,
          end: 180,
        ),
      ),
      span: Span(
        start: 0,
        end: 180,
      ),
    ),
  ],
  span: Span(
    start: 0,
    end: 181,
  ),
)
