---
source: raffia/tests/ast.rs
---
Stylesheet(
  type: "Stylesheet",
  statements: [
    QualifiedRule(
      type: "QualifiedRule",
      selector: SelectorList(
        type: "SelectorList",
        selectors: [
          ComplexSelector(
            type: "ComplexSelector",
            children: [
              CompoundSelector(
                type: "CompoundSelector",
                children: [
                  TagNameSelector(
                    type: "TagNameSelector",
                    name: WqName(
                      type: "WqName",
                      name: Ident(
                        type: "Ident",
                        name: "foo",
                        raw: "foo",
                        span: Span(
                          start: 0,
                          end: 3,
                        ),
                      ),
                      prefix: None,
                      span: Span(
                        start: 0,
                        end: 3,
                      ),
                    ),
                    span: Span(
                      start: 0,
                      end: 3,
                    ),
                  ),
                ],
                span: Span(
                  start: 0,
                  end: 3,
                ),
              ),
            ],
            span: Span(
              start: 0,
              end: 3,
            ),
          ),
        ],
        span: Span(
          start: 0,
          end: 3,
        ),
      ),
      block: SimpleBlock(
        type: "SimpleBlock",
        statements: [
          SassVariableDeclaration(
            type: "SassVariableDeclaration",
            name: SassVariable(
              type: "SassVariable",
              name: Ident(
                type: "Ident",
                name: "var1",
                raw: "var1",
                span: Span(
                  start: 9,
                  end: 13,
                ),
              ),
              span: Span(
                start: 8,
                end: 13,
              ),
            ),
            value: ComponentValues(
              type: "ComponentValues",
              values: [
                SassBinaryExpression(
                  type: "SassBinaryExpression",
                  left: Number(
                    type: "Number",
                    value: 1.0,
                    raw: "1",
                    span: Span(
                      start: 15,
                      end: 16,
                    ),
                  ),
                  op: SassBinaryOperator(
                    type: "SassBinaryOperator",
                    kind: Plus,
                    span: Span(
                      start: 17,
                      end: 18,
                    ),
                  ),
                  right: Number(
                    type: "Number",
                    value: 2.0,
                    raw: "2",
                    span: Span(
                      start: 23,
                      end: 24,
                    ),
                  ),
                  span: Span(
                    start: 15,
                    end: 24,
                  ),
                ),
              ],
              span: Span(
                start: 15,
                end: 24,
              ),
            ),
            important: None,
            overridable: false,
            forceGlobal: false,
            span: Span(
              start: 8,
              end: 25,
            ),
          ),
          SassVariableDeclaration(
            type: "SassVariableDeclaration",
            name: SassVariable(
              type: "SassVariable",
              name: Ident(
                type: "Ident",
                name: "var2",
                raw: "var2",
                span: Span(
                  start: 29,
                  end: 33,
                ),
              ),
              span: Span(
                start: 28,
                end: 33,
              ),
            ),
            value: ComponentValues(
              type: "ComponentValues",
              values: [
                SassBinaryExpression(
                  type: "SassBinaryExpression",
                  left: Ident(
                    type: "Ident",
                    name: "true",
                    raw: "true",
                    span: Span(
                      start: 35,
                      end: 39,
                    ),
                  ),
                  op: SassBinaryOperator(
                    type: "SassBinaryOperator",
                    kind: And,
                    span: Span(
                      start: 40,
                      end: 43,
                    ),
                  ),
                  right: Ident(
                    type: "Ident",
                    name: "false",
                    raw: "false",
                    span: Span(
                      start: 48,
                      end: 53,
                    ),
                  ),
                  span: Span(
                    start: 35,
                    end: 53,
                  ),
                ),
              ],
              span: Span(
                start: 35,
                end: 53,
              ),
            ),
            important: None,
            overridable: false,
            forceGlobal: false,
            span: Span(
              start: 28,
              end: 54,
            ),
          ),
          SassVariableDeclaration(
            type: "SassVariableDeclaration",
            name: SassVariable(
              type: "SassVariable",
              name: Ident(
                type: "Ident",
                name: "var3",
                raw: "var3",
                span: Span(
                  start: 58,
                  end: 62,
                ),
              ),
              span: Span(
                start: 57,
                end: 62,
              ),
            ),
            value: ComponentValues(
              type: "ComponentValues",
              values: [
                Ident(
                  type: "Ident",
                  name: "a",
                  raw: "a",
                  span: Span(
                    start: 64,
                    end: 65,
                  ),
                ),
                Ident(
                  type: "Ident",
                  name: "b",
                  raw: "b",
                  span: Span(
                    start: 66,
                    end: 67,
                  ),
                ),
                Ident(
                  type: "Ident",
                  name: "c",
                  raw: "c",
                  span: Span(
                    start: 72,
                    end: 73,
                  ),
                ),
              ],
              span: Span(
                start: 64,
                end: 73,
              ),
            ),
            important: None,
            overridable: false,
            forceGlobal: false,
            span: Span(
              start: 57,
              end: 74,
            ),
          ),
          Declaration(
            type: "Declaration",
            name: Ident(
              type: "Ident",
              name: "a",
              raw: "a",
              span: Span(
                start: 77,
                end: 78,
              ),
            ),
            value: [
              SassVariable(
                type: "SassVariable",
                name: Ident(
                  type: "Ident",
                  name: "var1",
                  raw: "var1",
                  span: Span(
                    start: 81,
                    end: 85,
                  ),
                ),
                span: Span(
                  start: 80,
                  end: 85,
                ),
              ),
            ],
            important: None,
            lessPropertyMerge: None,
            span: Span(
              start: 77,
              end: 85,
            ),
          ),
          Declaration(
            type: "Declaration",
            name: Ident(
              type: "Ident",
              name: "b",
              raw: "b",
              span: Span(
                start: 89,
                end: 90,
              ),
            ),
            value: [
              SassVariable(
                type: "SassVariable",
                name: Ident(
                  type: "Ident",
                  name: "var2",
                  raw: "var2",
                  span: Span(
                    start: 93,
                    end: 97,
                  ),
                ),
                span: Span(
                  start: 92,
                  end: 97,
                ),
              ),
            ],
            important: None,
            lessPropertyMerge: None,
            span: Span(
              start: 89,
              end: 97,
            ),
          ),
          Declaration(
            type: "Declaration",
            name: Ident(
              type: "Ident",
              name: "c",
              raw: "c",
              span: Span(
                start: 101,
                end: 102,
              ),
            ),
            value: [
              SassVariable(
                type: "SassVariable",
                name: Ident(
                  type: "Ident",
                  name: "var3",
                  raw: "var3",
                  span: Span(
                    start: 105,
                    end: 109,
                  ),
                ),
                span: Span(
                  start: 104,
                  end: 109,
                ),
              ),
            ],
            important: None,
            lessPropertyMerge: None,
            span: Span(
              start: 101,
              end: 109,
            ),
          ),
        ],
        span: Span(
          start: 4,
          end: 112,
        ),
      ),
      span: Span(
        start: 0,
        end: 112,
      ),
    ),
    SassVariableDeclaration(
      type: "SassVariableDeclaration",
      name: SassVariable(
        type: "SassVariable",
        name: Ident(
          type: "Ident",
          name: "value",
          raw: "value",
          span: Span(
            start: 115,
            end: 120,
          ),
        ),
        span: Span(
          start: 114,
          end: 120,
        ),
      ),
      value: ComponentValues(
        type: "ComponentValues",
        values: [
          Ident(
            type: "Ident",
            name: "bip",
            raw: "bip",
            span: Span(
              start: 123,
              end: 126,
            ),
          ),
        ],
        span: Span(
          start: 123,
          end: 126,
        ),
      ),
      important: None,
      overridable: false,
      forceGlobal: false,
      span: Span(
        start: 114,
        end: 127,
      ),
    ),
    SassVariableDeclaration(
      type: "SassVariableDeclaration",
      name: SassVariable(
        type: "SassVariable",
        name: Ident(
          type: "Ident",
          name: "vär",
          raw: "vär",
          span: Span(
            start: 130,
            end: 134,
          ),
        ),
        span: Span(
          start: 129,
          end: 134,
        ),
      ),
      value: ComponentValues(
        type: "ComponentValues",
        values: [
          Ident(
            type: "Ident",
            name: "foo",
            raw: "foo",
            span: Span(
              start: 136,
              end: 139,
            ),
          ),
        ],
        span: Span(
          start: 136,
          end: 139,
        ),
      ),
      important: None,
      overridable: false,
      forceGlobal: false,
      span: Span(
        start: 129,
        end: 140,
      ),
    ),
    SassVariableDeclaration(
      type: "SassVariableDeclaration",
      name: SassVariable(
        type: "SassVariable",
        name: Ident(
          type: "Ident",
          name: "var",
          raw: "var",
          span: Span(
            start: 143,
            end: 146,
          ),
        ),
        span: Span(
          start: 142,
          end: 146,
        ),
      ),
      value: ComponentValues(
        type: "ComponentValues",
        values: [
          Number(
            type: "Number",
            value: 2.0,
            raw: "2",
            span: Span(
              start: 148,
              end: 149,
            ),
          ),
        ],
        span: Span(
          start: 148,
          end: 149,
        ),
      ),
      important: None,
      overridable: true,
      forceGlobal: false,
      span: Span(
        start: 142,
        end: 158,
      ),
    ),
  ],
  span: Span(
    start: 0,
    end: 160,
  ),
)
