---
source: raffia/tests/error.rs
---
error: expect token `$var`, but found `<ident>`
  ┌─ with-missing-dollar.scss:1:24
  │
1 │ @forward "other" with (a);
  │                        ^


