---
source: raffia/tests/error.rs
---
error: expect token `(`, but found `;`
  ┌─ with-no-arguments.scss:1:22
  │
1 │ @forward "other" with;
  │                      ^


