---
source: raffia/tests/ast.rs
---
Stylesheet(
  type: "Stylesheet",
  statements: [
    SassVariableDeclaration(
      type: "SassVariableDeclaration",
      namespace: None,
      name: SassVariable(
        type: "SassVariable",
        name: Ident(
          type: "Ident",
          name: "mylist",
          raw: "mylist",
          span: Span(
            start: 1,
            end: 7,
          ),
        ),
        span: Span(
          start: 0,
          end: 7,
        ),
      ),
      value: SassList(
        type: "SassList",
        items: [
          Ident(
            type: "Ident",
            name: "alpha",
            raw: "alpha",
            span: Span(
              start: 10,
              end: 15,
            ),
          ),
          Ident(
            type: "Ident",
            name: "beta",
            raw: "beta",
            span: Span(
              start: 17,
              end: 21,
            ),
          ),
          Ident(
            type: "Ident",
            name: "gamma",
            raw: "gamma",
            span: Span(
              start: 23,
              end: 28,
            ),
          ),
        ],
        hasParens: true,
        separator: Comma,
        span: Span(
          start: 9,
          end: 31,
        ),
      ),
      important: None,
      overridable: false,
      forceGlobal: false,
      span: Span(
        start: 0,
        end: 32,
      ),
    ),
    SassVariableDeclaration(
      type: "SassVariableDeclaration",
      namespace: None,
      name: SassVariable(
        type: "SassVariable",
        name: Ident(
          type: "Ident",
          name: "my-single-item-list",
          raw: "my-single-item-list",
          span: Span(
            start: 34,
            end: 53,
          ),
        ),
        span: Span(
          start: 33,
          end: 53,
        ),
      ),
      value: SassList(
        type: "SassList",
        items: [
          Ident(
            type: "Ident",
            name: "alpha",
            raw: "alpha",
            span: Span(
              start: 56,
              end: 61,
            ),
          ),
        ],
        hasParens: true,
        separator: Comma,
        span: Span(
          start: 55,
          end: 63,
        ),
      ),
      important: None,
      overridable: false,
      forceGlobal: false,
      span: Span(
        start: 33,
        end: 64,
      ),
    ),
    SassVariableDeclaration(
      type: "SassVariableDeclaration",
      namespace: None,
      name: SassVariable(
        type: "SassVariable",
        name: Ident(
          type: "Ident",
          name: "box-shadow-first-two",
          raw: "box-shadow-first-two",
          span: Span(
            start: 66,
            end: 86,
          ),
        ),
        span: Span(
          start: 65,
          end: 86,
        ),
      ),
      value: SassList(
        type: "SassList",
        items: [
          SassList(
            type: "SassList",
            items: [
              Number(
                type: "Number",
                value: 0.0,
                raw: "0",
                span: Span(
                  start: 88,
                  end: 89,
                ),
              ),
              Length(
                type: "Length",
                value: Number(
                  type: "Number",
                  value: 0.5,
                  raw: "0.5",
                  span: Span(
                    start: 90,
                    end: 93,
                  ),
                ),
                unit: Ident(
                  type: "Ident",
                  name: "em",
                  raw: "em",
                  span: Span(
                    start: 93,
                    end: 95,
                  ),
                ),
                span: Span(
                  start: 90,
                  end: 95,
                ),
              ),
              SassVariable(
                type: "SassVariable",
                name: Ident(
                  type: "Ident",
                  name: "background",
                  raw: "background",
                  span: Span(
                    start: 97,
                    end: 107,
                  ),
                ),
                span: Span(
                  start: 96,
                  end: 107,
                ),
              ),
            ],
            hasParens: false,
            separator: Space,
            span: Span(
              start: 88,
              end: 107,
            ),
          ),
          SassList(
            type: "SassList",
            items: [
              Number(
                type: "Number",
                value: 0.0,
                raw: "0",
                span: Span(
                  start: 109,
                  end: 110,
                ),
              ),
              Length(
                type: "Length",
                value: Number(
                  type: "Number",
                  value: -0.5,
                  raw: "-0.5",
                  span: Span(
                    start: 111,
                    end: 115,
                  ),
                ),
                unit: Ident(
                  type: "Ident",
                  name: "em",
                  raw: "em",
                  span: Span(
                    start: 115,
                    end: 117,
                  ),
                ),
                span: Span(
                  start: 111,
                  end: 117,
                ),
              ),
              SassVariable(
                type: "SassVariable",
                name: Ident(
                  type: "Ident",
                  name: "background",
                  raw: "background",
                  span: Span(
                    start: 119,
                    end: 129,
                  ),
                ),
                span: Span(
                  start: 118,
                  end: 129,
                ),
              ),
            ],
            hasParens: false,
            separator: Space,
            span: Span(
              start: 109,
              end: 129,
            ),
          ),
        ],
        hasParens: false,
        separator: Comma,
        span: Span(
          start: 88,
          end: 129,
        ),
      ),
      important: None,
      overridable: false,
      forceGlobal: false,
      span: Span(
        start: 65,
        end: 130,
      ),
    ),
    SassVariableDeclaration(
      type: "SassVariableDeclaration",
      namespace: None,
      name: SassVariable(
        type: "SassVariable",
        name: Ident(
          type: "Ident",
          name: "list2",
          raw: "list2",
          span: Span(
            start: 132,
            end: 137,
          ),
        ),
        span: Span(
          start: 131,
          end: 137,
        ),
      ),
      value: SassList(
        type: "SassList",
        items: [
          SassList(
            type: "SassList",
            items: [
              Length(
                type: "Length",
                value: Number(
                  type: "Number",
                  value: 1.0,
                  raw: "1",
                  span: Span(
                    start: 140,
                    end: 141,
                  ),
                ),
                unit: Ident(
                  type: "Ident",
                  name: "px",
                  raw: "px",
                  span: Span(
                    start: 141,
                    end: 143,
                  ),
                ),
                span: Span(
                  start: 140,
                  end: 143,
                ),
              ),
              Ident(
                type: "Ident",
                name: "solid",
                raw: "solid",
                span: Span(
                  start: 144,
                  end: 149,
                ),
              ),
            ],
            hasParens: false,
            separator: Space,
            span: Span(
              start: 140,
              end: 149,
            ),
          ),
        ],
        hasParens: true,
        separator: Comma,
        span: Span(
          start: 139,
          end: 151,
        ),
      ),
      important: None,
      overridable: false,
      forceGlobal: false,
      span: Span(
        start: 131,
        end: 152,
      ),
    ),
  ],
  span: Span(
    start: 0,
    end: 153,
  ),
)
