---
source: raffia/tests/ast.rs
---
Stylesheet(
  type: "Stylesheet",
  statements: [
    QualifiedRule(
      type: "QualifiedRule",
      selector: SelectorList(
        type: "SelectorList",
        selectors: [
          ComplexSelector(
            type: "ComplexSelector",
            children: [
              CompoundSelector(
                type: "CompoundSelector",
                children: [
                  TagNameSelector(
                    type: "TagNameSelector",
                    name: WqName(
                      type: "WqName",
                      name: Ident(
                        type: "Ident",
                        name: "foo",
                        raw: "foo",
                        span: Span(
                          start: 0,
                          end: 3,
                        ),
                      ),
                      prefix: None,
                      span: Span(
                        start: 0,
                        end: 3,
                      ),
                    ),
                    span: Span(
                      start: 0,
                      end: 3,
                    ),
                  ),
                ],
                span: Span(
                  start: 0,
                  end: 3,
                ),
              ),
            ],
            span: Span(
              start: 0,
              end: 3,
            ),
          ),
        ],
        commaSpans: [],
        span: Span(
          start: 0,
          end: 3,
        ),
      ),
      block: SimpleBlock(
        type: "SimpleBlock",
        statements: [
          QualifiedRule(
            type: "QualifiedRule",
            selector: SelectorList(
              type: "SelectorList",
              selectors: [
                ComplexSelector(
                  type: "ComplexSelector",
                  children: [
                    CompoundSelector(
                      type: "CompoundSelector",
                      children: [
                        TagNameSelector(
                          type: "TagNameSelector",
                          name: WqName(
                            type: "WqName",
                            name: Ident(
                              type: "Ident",
                              name: "bar",
                              raw: "bar",
                              span: Span(
                                start: 8,
                                end: 11,
                              ),
                            ),
                            prefix: None,
                            span: Span(
                              start: 8,
                              end: 11,
                            ),
                          ),
                          span: Span(
                            start: 8,
                            end: 11,
                          ),
                        ),
                        PseudoClassSelector(
                          type: "PseudoClassSelector",
                          name: Ident(
                            type: "Ident",
                            name: "baz",
                            raw: "baz",
                            span: Span(
                              start: 12,
                              end: 15,
                            ),
                          ),
                          arg: None,
                          span: Span(
                            start: 11,
                            end: 15,
                          ),
                        ),
                        PseudoClassSelector(
                          type: "PseudoClassSelector",
                          name: Ident(
                            type: "Ident",
                            name: "bang",
                            raw: "bang",
                            span: Span(
                              start: 16,
                              end: 20,
                            ),
                          ),
                          arg: None,
                          span: Span(
                            start: 15,
                            end: 20,
                          ),
                        ),
                        PseudoClassSelector(
                          type: "PseudoClassSelector",
                          name: Ident(
                            type: "Ident",
                            name: "bop",
                            raw: "bop",
                            span: Span(
                              start: 21,
                              end: 24,
                            ),
                          ),
                          arg: None,
                          span: Span(
                            start: 20,
                            end: 24,
                          ),
                        ),
                        PseudoClassSelector(
                          type: "PseudoClassSelector",
                          name: Ident(
                            type: "Ident",
                            name: "biddle",
                            raw: "biddle",
                            span: Span(
                              start: 25,
                              end: 31,
                            ),
                          ),
                          arg: None,
                          span: Span(
                            start: 24,
                            end: 31,
                          ),
                        ),
                        PseudoClassSelector(
                          type: "PseudoClassSelector",
                          name: Ident(
                            type: "Ident",
                            name: "woo",
                            raw: "woo",
                            span: Span(
                              start: 32,
                              end: 35,
                            ),
                          ),
                          arg: None,
                          span: Span(
                            start: 31,
                            end: 35,
                          ),
                        ),
                        PseudoClassSelector(
                          type: "PseudoClassSelector",
                          name: Ident(
                            type: "Ident",
                            name: "look",
                            raw: "look",
                            span: Span(
                              start: 36,
                              end: 40,
                            ),
                          ),
                          arg: None,
                          span: Span(
                            start: 35,
                            end: 40,
                          ),
                        ),
                        PseudoClassSelector(
                          type: "PseudoClassSelector",
                          name: Ident(
                            type: "Ident",
                            name: "at",
                            raw: "at",
                            span: Span(
                              start: 41,
                              end: 43,
                            ),
                          ),
                          arg: None,
                          span: Span(
                            start: 40,
                            end: 43,
                          ),
                        ),
                        PseudoClassSelector(
                          type: "PseudoClassSelector",
                          name: Ident(
                            type: "Ident",
                            name: "all",
                            raw: "all",
                            span: Span(
                              start: 44,
                              end: 47,
                            ),
                          ),
                          arg: None,
                          span: Span(
                            start: 43,
                            end: 47,
                          ),
                        ),
                        PseudoClassSelector(
                          type: "PseudoClassSelector",
                          name: Ident(
                            type: "Ident",
                            name: "these",
                            raw: "these",
                            span: Span(
                              start: 48,
                              end: 53,
                            ),
                          ),
                          arg: None,
                          span: Span(
                            start: 47,
                            end: 53,
                          ),
                        ),
                        PseudoClassSelector(
                          type: "PseudoClassSelector",
                          name: Ident(
                            type: "Ident",
                            name: "pseudoclasses",
                            raw: "pseudoclasses",
                            span: Span(
                              start: 54,
                              end: 67,
                            ),
                          ),
                          arg: None,
                          span: Span(
                            start: 53,
                            end: 67,
                          ),
                        ),
                      ],
                      span: Span(
                        start: 8,
                        end: 67,
                      ),
                    ),
                  ],
                  span: Span(
                    start: 8,
                    end: 67,
                  ),
                ),
              ],
              commaSpans: [],
              span: Span(
                start: 8,
                end: 67,
              ),
            ),
            block: SimpleBlock(
              type: "SimpleBlock",
              statements: [
                Declaration(
                  type: "Declaration",
                  name: Ident(
                    type: "Ident",
                    name: "a",
                    raw: "a",
                    span: Span(
                      start: 69,
                      end: 70,
                    ),
                  ),
                  colonSpan: Span(
                    start: 70,
                    end: 71,
                  ),
                  value: [
                    Ident(
                      type: "Ident",
                      name: "b",
                      raw: "b",
                      span: Span(
                        start: 72,
                        end: 73,
                      ),
                    ),
                  ],
                  important: None,
                  lessPropertyMerge: None,
                  span: Span(
                    start: 69,
                    end: 73,
                  ),
                ),
              ],
              span: Span(
                start: 68,
                end: 74,
              ),
            ),
            span: Span(
              start: 8,
              end: 74,
            ),
          ),
          QualifiedRule(
            type: "QualifiedRule",
            selector: SelectorList(
              type: "SelectorList",
              selectors: [
                ComplexSelector(
                  type: "ComplexSelector",
                  children: [
                    CompoundSelector(
                      type: "CompoundSelector",
                      children: [
                        TagNameSelector(
                          type: "TagNameSelector",
                          name: WqName(
                            type: "WqName",
                            name: Ident(
                              type: "Ident",
                              name: "bar",
                              raw: "bar",
                              span: Span(
                                start: 78,
                                end: 81,
                              ),
                            ),
                            prefix: None,
                            span: Span(
                              start: 78,
                              end: 81,
                            ),
                          ),
                          span: Span(
                            start: 78,
                            end: 81,
                          ),
                        ),
                        PseudoClassSelector(
                          type: "PseudoClassSelector",
                          name: Ident(
                            type: "Ident",
                            name: "baz",
                            raw: "baz",
                            span: Span(
                              start: 82,
                              end: 85,
                            ),
                          ),
                          arg: None,
                          span: Span(
                            start: 81,
                            end: 85,
                          ),
                        ),
                      ],
                      span: Span(
                        start: 78,
                        end: 85,
                      ),
                    ),
                    Combinator(
                      type: "Combinator",
                      kind: Descendant,
                      span: Span(
                        start: 85,
                        end: 86,
                      ),
                    ),
                    CompoundSelector(
                      type: "CompoundSelector",
                      children: [
                        TagNameSelector(
                          type: "TagNameSelector",
                          name: WqName(
                            type: "WqName",
                            name: Ident(
                              type: "Ident",
                              name: "bang",
                              raw: "bang",
                              span: Span(
                                start: 86,
                                end: 90,
                              ),
                            ),
                            prefix: None,
                            span: Span(
                              start: 86,
                              end: 90,
                            ),
                          ),
                          span: Span(
                            start: 86,
                            end: 90,
                          ),
                        ),
                      ],
                      span: Span(
                        start: 86,
                        end: 90,
                      ),
                    ),
                    Combinator(
                      type: "Combinator",
                      kind: Descendant,
                      span: Span(
                        start: 90,
                        end: 91,
                      ),
                    ),
                    CompoundSelector(
                      type: "CompoundSelector",
                      children: [
                        TagNameSelector(
                          type: "TagNameSelector",
                          name: WqName(
                            type: "WqName",
                            name: Ident(
                              type: "Ident",
                              name: "bop",
                              raw: "bop",
                              span: Span(
                                start: 91,
                                end: 94,
                              ),
                            ),
                            prefix: None,
                            span: Span(
                              start: 91,
                              end: 94,
                            ),
                          ),
                          span: Span(
                            start: 91,
                            end: 94,
                          ),
                        ),
                      ],
                      span: Span(
                        start: 91,
                        end: 94,
                      ),
                    ),
                    Combinator(
                      type: "Combinator",
                      kind: Descendant,
                      span: Span(
                        start: 94,
                        end: 95,
                      ),
                    ),
                    CompoundSelector(
                      type: "CompoundSelector",
                      children: [
                        TagNameSelector(
                          type: "TagNameSelector",
                          name: WqName(
                            type: "WqName",
                            name: Ident(
                              type: "Ident",
                              name: "biddle",
                              raw: "biddle",
                              span: Span(
                                start: 95,
                                end: 101,
                              ),
                            ),
                            prefix: None,
                            span: Span(
                              start: 95,
                              end: 101,
                            ),
                          ),
                          span: Span(
                            start: 95,
                            end: 101,
                          ),
                        ),
                      ],
                      span: Span(
                        start: 95,
                        end: 101,
                      ),
                    ),
                    Combinator(
                      type: "Combinator",
                      kind: Descendant,
                      span: Span(
                        start: 101,
                        end: 102,
                      ),
                    ),
                    CompoundSelector(
                      type: "CompoundSelector",
                      children: [
                        TagNameSelector(
                          type: "TagNameSelector",
                          name: WqName(
                            type: "WqName",
                            name: Ident(
                              type: "Ident",
                              name: "woo",
                              raw: "woo",
                              span: Span(
                                start: 102,
                                end: 105,
                              ),
                            ),
                            prefix: None,
                            span: Span(
                              start: 102,
                              end: 105,
                            ),
                          ),
                          span: Span(
                            start: 102,
                            end: 105,
                          ),
                        ),
                      ],
                      span: Span(
                        start: 102,
                        end: 105,
                      ),
                    ),
                    Combinator(
                      type: "Combinator",
                      kind: Descendant,
                      span: Span(
                        start: 105,
                        end: 106,
                      ),
                    ),
                    CompoundSelector(
                      type: "CompoundSelector",
                      children: [
                        TagNameSelector(
                          type: "TagNameSelector",
                          name: WqName(
                            type: "WqName",
                            name: Ident(
                              type: "Ident",
                              name: "look",
                              raw: "look",
                              span: Span(
                                start: 106,
                                end: 110,
                              ),
                            ),
                            prefix: None,
                            span: Span(
                              start: 106,
                              end: 110,
                            ),
                          ),
                          span: Span(
                            start: 106,
                            end: 110,
                          ),
                        ),
                      ],
                      span: Span(
                        start: 106,
                        end: 110,
                      ),
                    ),
                    Combinator(
                      type: "Combinator",
                      kind: Descendant,
                      span: Span(
                        start: 110,
                        end: 111,
                      ),
                    ),
                    CompoundSelector(
                      type: "CompoundSelector",
                      children: [
                        TagNameSelector(
                          type: "TagNameSelector",
                          name: WqName(
                            type: "WqName",
                            name: Ident(
                              type: "Ident",
                              name: "at",
                              raw: "at",
                              span: Span(
                                start: 111,
                                end: 113,
                              ),
                            ),
                            prefix: None,
                            span: Span(
                              start: 111,
                              end: 113,
                            ),
                          ),
                          span: Span(
                            start: 111,
                            end: 113,
                          ),
                        ),
                      ],
                      span: Span(
                        start: 111,
                        end: 113,
                      ),
                    ),
                    Combinator(
                      type: "Combinator",
                      kind: Descendant,
                      span: Span(
                        start: 113,
                        end: 114,
                      ),
                    ),
                    CompoundSelector(
                      type: "CompoundSelector",
                      children: [
                        TagNameSelector(
                          type: "TagNameSelector",
                          name: WqName(
                            type: "WqName",
                            name: Ident(
                              type: "Ident",
                              name: "all",
                              raw: "all",
                              span: Span(
                                start: 114,
                                end: 117,
                              ),
                            ),
                            prefix: None,
                            span: Span(
                              start: 114,
                              end: 117,
                            ),
                          ),
                          span: Span(
                            start: 114,
                            end: 117,
                          ),
                        ),
                      ],
                      span: Span(
                        start: 114,
                        end: 117,
                      ),
                    ),
                    Combinator(
                      type: "Combinator",
                      kind: Descendant,
                      span: Span(
                        start: 117,
                        end: 118,
                      ),
                    ),
                    CompoundSelector(
                      type: "CompoundSelector",
                      children: [
                        TagNameSelector(
                          type: "TagNameSelector",
                          name: WqName(
                            type: "WqName",
                            name: Ident(
                              type: "Ident",
                              name: "these",
                              raw: "these",
                              span: Span(
                                start: 118,
                                end: 123,
                              ),
                            ),
                            prefix: None,
                            span: Span(
                              start: 118,
                              end: 123,
                            ),
                          ),
                          span: Span(
                            start: 118,
                            end: 123,
                          ),
                        ),
                      ],
                      span: Span(
                        start: 118,
                        end: 123,
                      ),
                    ),
                    Combinator(
                      type: "Combinator",
                      kind: Descendant,
                      span: Span(
                        start: 123,
                        end: 124,
                      ),
                    ),
                    CompoundSelector(
                      type: "CompoundSelector",
                      children: [
                        TagNameSelector(
                          type: "TagNameSelector",
                          name: WqName(
                            type: "WqName",
                            name: Ident(
                              type: "Ident",
                              name: "elems",
                              raw: "elems",
                              span: Span(
                                start: 124,
                                end: 129,
                              ),
                            ),
                            prefix: None,
                            span: Span(
                              start: 124,
                              end: 129,
                            ),
                          ),
                          span: Span(
                            start: 124,
                            end: 129,
                          ),
                        ),
                      ],
                      span: Span(
                        start: 124,
                        end: 129,
                      ),
                    ),
                  ],
                  span: Span(
                    start: 78,
                    end: 129,
                  ),
                ),
              ],
              commaSpans: [],
              span: Span(
                start: 78,
                end: 129,
              ),
            ),
            block: SimpleBlock(
              type: "SimpleBlock",
              statements: [
                Declaration(
                  type: "Declaration",
                  name: Ident(
                    type: "Ident",
                    name: "a",
                    raw: "a",
                    span: Span(
                      start: 131,
                      end: 132,
                    ),
                  ),
                  colonSpan: Span(
                    start: 132,
                    end: 133,
                  ),
                  value: [
                    Ident(
                      type: "Ident",
                      name: "b",
                      raw: "b",
                      span: Span(
                        start: 134,
                        end: 135,
                      ),
                    ),
                  ],
                  important: None,
                  lessPropertyMerge: None,
                  span: Span(
                    start: 131,
                    end: 135,
                  ),
                ),
              ],
              span: Span(
                start: 130,
                end: 136,
              ),
            ),
            span: Span(
              start: 78,
              end: 136,
            ),
          ),
          Declaration(
            type: "Declaration",
            name: Ident(
              type: "Ident",
              name: "bar",
              raw: "bar",
              span: Span(
                start: 140,
                end: 143,
              ),
            ),
            colonSpan: Span(
              start: 143,
              end: 144,
            ),
            value: [
              Ident(
                type: "Ident",
                name: "baz",
                raw: "baz",
                span: Span(
                  start: 144,
                  end: 147,
                ),
              ),
              Ident(
                type: "Ident",
                name: "bang",
                raw: "bang",
                span: Span(
                  start: 148,
                  end: 152,
                ),
              ),
              Ident(
                type: "Ident",
                name: "bop",
                raw: "bop",
                span: Span(
                  start: 153,
                  end: 156,
                ),
              ),
              Ident(
                type: "Ident",
                name: "biddle",
                raw: "biddle",
                span: Span(
                  start: 157,
                  end: 163,
                ),
              ),
              Ident(
                type: "Ident",
                name: "woo",
                raw: "woo",
                span: Span(
                  start: 164,
                  end: 167,
                ),
              ),
              Ident(
                type: "Ident",
                name: "look",
                raw: "look",
                span: Span(
                  start: 168,
                  end: 172,
                ),
              ),
              Ident(
                type: "Ident",
                name: "at",
                raw: "at",
                span: Span(
                  start: 173,
                  end: 175,
                ),
              ),
              Ident(
                type: "Ident",
                name: "all",
                raw: "all",
                span: Span(
                  start: 176,
                  end: 179,
                ),
              ),
              Ident(
                type: "Ident",
                name: "these",
                raw: "these",
                span: Span(
                  start: 180,
                  end: 185,
                ),
              ),
              Ident(
                type: "Ident",
                name: "elems",
                raw: "elems",
                span: Span(
                  start: 186,
                  end: 191,
                ),
              ),
            ],
            important: None,
            lessPropertyMerge: None,
            span: Span(
              start: 140,
              end: 191,
            ),
          ),
        ],
        span: Span(
          start: 4,
          end: 194,
        ),
      ),
      span: Span(
        start: 0,
        end: 194,
      ),
    ),
  ],
  span: Span(
    start: 0,
    end: 195,
  ),
)
