---
source: raffia/tests/ast.rs
---
Stylesheet(
  type: "Stylesheet",
  statements: [
    AtRule(
      type: "AtRule",
      name: Ident(
        type: "Ident",
        name: "keyframes",
        raw: "keyframes",
        span: Span(
          start: 1,
          end: 10,
        ),
      ),
      prelude: Some(Ident(
        type: "Ident",
        name: "kf1",
        raw: "kf1",
        span: Span(
          start: 11,
          end: 14,
        ),
      )),
      block: Some(SimpleBlock(
        type: "SimpleBlock",
        statements: [
          AtRule(
            type: "AtRule",
            name: Ident(
              type: "Ident",
              name: "content",
              raw: "content",
              span: Span(
                start: 18,
                end: 25,
              ),
            ),
            prelude: None,
            block: None,
            span: Span(
              start: 17,
              end: 27,
            ),
          ),
        ],
        span: Span(
          start: 17,
          end: 27,
        ),
      )),
      span: Span(
        start: 0,
        end: 27,
      ),
    ),
    AtRule(
      type: "AtRule",
      name: Ident(
        type: "Ident",
        name: "keyframes",
        raw: "keyframes",
        span: Span(
          start: 28,
          end: 37,
        ),
      ),
      prelude: Some(Ident(
        type: "Ident",
        name: "kf2",
        raw: "kf2",
        span: Span(
          start: 38,
          end: 41,
        ),
      )),
      block: Some(SimpleBlock(
        type: "SimpleBlock",
        statements: [
          AtRule(
            type: "AtRule",
            name: Ident(
              type: "Ident",
              name: "content",
              raw: "content",
              span: Span(
                start: 45,
                end: 52,
              ),
            ),
            prelude: None,
            block: None,
            span: Span(
              start: 44,
              end: 55,
            ),
          ),
          SassIfAtRule(
            type: "SassIfAtRule",
            ifClause: SassConditionalClause(
              type: "SassConditionalClause",
              condition: Ident(
                type: "Ident",
                name: "false",
                raw: "false",
                span: Span(
                  start: 59,
                  end: 64,
                ),
              ),
              block: SimpleBlock(
                type: "SimpleBlock",
                statements: [
                  AtRule(
                    type: "AtRule",
                    name: Ident(
                      type: "Ident",
                      name: "debug",
                      raw: "debug",
                      span: Span(
                        start: 70,
                        end: 75,
                      ),
                    ),
                    prelude: Some(Str(
                      type: "Str",
                      value: "",
                      raw: "\"\"",
                      span: Span(
                        start: 76,
                        end: 78,
                      ),
                    )),
                    block: None,
                    span: Span(
                      start: 69,
                      end: 78,
                    ),
                  ),
                ],
                span: Span(
                  start: 69,
                  end: 79,
                ),
              ),
              span: Span(
                start: 59,
                end: 79,
              ),
            ),
            elseIfClauses: [],
            elseClause: None,
            elseSpans: [],
            span: Span(
              start: 55,
              end: 79,
            ),
          ),
        ],
        span: Span(
          start: 44,
          end: 79,
        ),
      )),
      span: Span(
        start: 27,
        end: 79,
      ),
    ),
  ],
  span: Span(
    start: 0,
    end: 79,
  ),
)
