---
source: raffia/tests/error.rs
---
error: expect token `{`, but found `<ident>`
  ┌─ partial_if.scss:2:7
  │
2 │ @else i
  │       ^


