---
source: raffia/tests/recoverable.rs
---
error: component value is expected
  ┌─ include.scss:2:34
  │
2 │   @include double-comma-error($a,,$b);
  │                                  ^

error: component value is expected
  ┌─ include.scss:3:37
  │
3 │   @include double-comma-error($a,$b,,);
  │                                     ^


