---
source: raffia/tests/ast.rs
---
Stylesheet(
  type: "Stylesheet",
  statements: [
    QualifiedRule(
      type: "QualifiedRule",
      selector: SelectorList(
        type: "SelectorList",
        selectors: [
          ComplexSelector(
            type: "ComplexSelector",
            children: [
              CompoundSelector(
                type: "CompoundSelector",
                children: [
                  AttributeSelector(
                    type: "AttributeSelector",
                    name: WqName(
                      type: "WqName",
                      name: Ident(
                        type: "Ident",
                        name: "name",
                        raw: "name",
                        span: Span(
                          start: 1,
                          end: 5,
                        ),
                      ),
                      prefix: None,
                      span: Span(
                        start: 1,
                        end: 5,
                      ),
                    ),
                    matcher: Some(AttributeSelectorMatcher(
                      type: "AttributeSelectorMatcher",
                      kind: Exact,
                      span: Span(
                        start: 5,
                        end: 6,
                      ),
                    )),
                    value: Some(LessEscapedStr(
                      type: "LessEscapedStr",
                      str: Str(
                        type: "Str",
                        value: "value",
                        raw: "\"value\"",
                        span: Span(
                          start: 7,
                          end: 14,
                        ),
                      ),
                      span: Span(
                        start: 6,
                        end: 14,
                      ),
                    )),
                    modifier: None,
                    span: Span(
                      start: 0,
                      end: 15,
                    ),
                  ),
                ],
                span: Span(
                  start: 0,
                  end: 15,
                ),
              ),
            ],
            span: Span(
              start: 0,
              end: 15,
            ),
          ),
        ],
        commaSpans: [],
        span: Span(
          start: 0,
          end: 15,
        ),
      ),
      block: SimpleBlock(
        type: "SimpleBlock",
        statements: [],
        span: Span(
          start: 16,
          end: 18,
        ),
      ),
      span: Span(
        start: 0,
        end: 18,
      ),
    ),
  ],
  span: Span(
    start: 0,
    end: 19,
  ),
)
