---
source: raffia/tests/ast.rs
---
Stylesheet(
  type: "Stylesheet",
  statements: [
    QualifiedRule(
      type: "QualifiedRule",
      selector: SelectorList(
        type: "SelectorList",
        selectors: [
          ComplexSelector(
            type: "ComplexSelector",
            children: [
              CompoundSelector(
                type: "CompoundSelector",
                children: [
                  TagNameSelector(
                    type: "TagNameSelector",
                    name: WqName(
                      type: "WqName",
                      name: Ident(
                        type: "Ident",
                        name: "html",
                        raw: "html",
                        span: Span(
                          start: 23,
                          end: 27,
                        ),
                      ),
                      prefix: None,
                      span: Span(
                        start: 23,
                        end: 27,
                      ),
                    ),
                    span: Span(
                      start: 23,
                      end: 27,
                    ),
                  ),
                ],
                span: Span(
                  start: 23,
                  end: 27,
                ),
              ),
            ],
            span: Span(
              start: 23,
              end: 27,
            ),
          ),
        ],
        commaSpans: [],
        span: Span(
          start: 23,
          end: 27,
        ),
      ),
      block: SimpleBlock(
        type: "SimpleBlock",
        statements: [
          Declaration(
            type: "Declaration",
            name: Ident(
              type: "Ident",
              name: "content",
              raw: "content",
              span: Span(
                start: 32,
                end: 39,
              ),
            ),
            colonSpan: Span(
              start: 39,
              end: 40,
            ),
            value: [
              Str(
                type: "Str",
                value: "#{1}",
                raw: "\"#{1}\"",
                span: Span(
                  start: 41,
                  end: 47,
                ),
              ),
            ],
            important: None,
            lessPropertyMerge: None,
            span: Span(
              start: 32,
              end: 47,
            ),
          ),
        ],
        span: Span(
          start: 28,
          end: 51,
        ),
      ),
      span: Span(
        start: 23,
        end: 51,
      ),
    ),
  ],
  span: Span(
    start: 0,
    end: 52,
  ),
)
