---
source: raffia/tests/error.rs
---
error: expect token `$var`, but `<ident>` received
  ┌─ with-missing-keyword.scss:1:20
  │
1 │ @use "other" with (a);
  │                    ^


